[SenseNova-U1.5-ROCm] task=t2i  model=/root/.cache/huggingface/modelscope/SenseNova-U1.5-8B-MoT  vram_mode=balanced  attn=sdpa
[sensenova_u1_rocm] MIOpen bypass active (conv via unfold+GEMM; SENU15_MIOPEN=1 to re-enable)
[attn] backend='sdpa' (effective='sdpa')
Loading checkpoint shards:   0%|          | 0/13 [00:00<?, ?it/s]Loading checkpoint shards:   8%|▊         | 1/13 [00:00<00:01,  6.13it/s]Loading checkpoint shards:  15%|█▌        | 2/13 [00:00<00:02,  3.89it/s]Loading checkpoint shards:  23%|██▎       | 3/13 [00:07<00:32,  3.24s/it]Loading checkpoint shards:  31%|███       | 4/13 [00:14<00:41,  4.64s/it]Loading checkpoint shards:  38%|███▊      | 5/13 [00:20<00:43,  5.42s/it]Loading checkpoint shards:  46%|████▌     | 6/13 [00:27<00:41,  5.89s/it]Loading checkpoint shards:  54%|█████▍    | 7/13 [00:34<00:37,  6.19s/it]Loading checkpoint shards:  62%|██████▏   | 8/13 [00:41<00:31,  6.38s/it]Loading checkpoint shards:  69%|██████▉   | 9/13 [00:48<00:26,  6.51s/it]Loading checkpoint shards:  77%|███████▋  | 10/13 [00:54<00:19,  6.59s/it]Loading checkpoint shards:  85%|████████▍ | 11/13 [01:01<00:13,  6.65s/it]Loading checkpoint shards:  92%|█████████▏| 12/13 [01:06<00:06,  6.17s/it]Loading checkpoint shards: 100%|██████████| 13/13 [01:06<00:00,  5.13s/it]
T2I:   0%|          | 0/4 [00:00<?, ?it/s]T2I:  25%|██▌       | 1/4 [05:52<17:36, 352.02s/it]T2I:  50%|█████     | 2/4 [10:37<10:25, 312.88s/it]T2I:  75%|███████▌  | 3/4 [15:27<05:02, 302.32s/it]T2I: 100%|██████████| 4/4 [20:17<00:00, 297.45s/it]T2I: 100%|██████████| 4/4 [20:17<00:00, 304.31s/it]

================================================================
Profile summary
================================================================
  config              : vram_mode=balanced, fast_vram_fraction=0.9, fast_vram_headroom_gib=2.0, fast_activation_reserve_gib=4.0, attn_backend=sdpa, dtype=bfloat16
  model load          :   67.167 s
  load peak memory    : cpu RSS 43.04 GiB
  generations         : 4 call(s), 4 image(s) total, 1211.327 s wall
  avg per image       :  302.832 s
  image tokens        : patch_size=32, avg 4056 tok/image (4056)
  throughput          :    13.39 tok/s
  generation peak mem : allocated 3.77 GiB, reserved 22.53 GiB, cpu RSS 50.52 GiB
  per-call breakdown  :
    [  1] 1664x2496 x1  350.634 s  (  4056 tok,    11.57 tok/s, allocated 3.74 GiB, reserved 21.94 GiB, cpu RSS 50.52 GiB)
    [  2] 1664x2496 x1  283.947 s  (  4056 tok,    14.28 tok/s, allocated 3.77 GiB, reserved 22.49 GiB, cpu RSS 50.52 GiB)
    [  3] 1664x2496 x1  288.333 s  (  4056 tok,    14.07 tok/s, allocated 3.77 GiB, reserved 22.49 GiB, cpu RSS 50.52 GiB)
    [  4] 1664x2496 x1  288.413 s  (  4056 tok,    14.06 tok/s, allocated 3.77 GiB, reserved 22.53 GiB, cpu RSS 50.52 GiB)
================================================================
